=== idle fallback is rendered after completed iterations ===
╭ Reasoning ─────────────────────────────────────────────────────────────────╮
│ completed reasoning                                                        │
╰────────────────────────────────────────────────────────────────────────────╯

completed iteration text

  · ✓ Read completed file 200ms
  · ✓ Second completed file search 100ms

final assistant answer

=== idle fallback is skipped when last iteration already has it ===
  · ✓ Earlier completed tool 100ms

final assistant answer

=== completed reasoning plus tool only ===
╭ Reasoning ─────────────────────────────────────────────────────────────────╮
│ reasoning-only completed iteration                                         │
╰────────────────────────────────────────────────────────────────────────────╯

  · ✓ Read after reasoning 100ms
  · ✗ Edit failed after reasoning 200ms
  · ● Second tool still marked running

=== completed content plus tool only ===
╭ Reasoning ─────────────────────────────────────────────────────────────────╮
│ reasoning before content iteration                                         │
╰────────────────────────────────────────────────────────────────────────────╯

content-only completed iteration

  · ✓ Run content command 300ms

=== completed tools only mixed statuses ===
  · ✓ First completed tool 100ms
  · ✗ Second failed tool 200ms
  · ● Third running tool

=== multiple tool only iterations with prior done and next running ===
  · ✓ Previous iteration done 100ms
  · ● Next iteration running

=== mixed completed iterations without live progress ===
╭ Reasoning ─────────────────────────────────────────────────────────────────╮
│ reasoning only iteration                                                   │
╰────────────────────────────────────────────────────────────────────────────╯

content only iteration

  · ✓ tool only iteration 100ms

=== multiple completed iterations with final content fallback ===
╭ Reasoning ─────────────────────────────────────────────────────────────────╮
│ first completed reasoning                                                  │
╰────────────────────────────────────────────────────────────────────────────╯

  · ✓ First completed tool 100ms

second completed content

  · ✗ Second completed failed 200ms

final fallback after multi iter
